Archive member included because of file (symbol)

c:/users/mstfy/downloads/programs/avr_eclipse/tools/03_mt_ sdk/imt_sdk_win_64/winavr/bin/../lib/gcc/avr/4.3.3/avr5\libgcc.a(_mulsi3.o)
                              ./MCAL/TIMER2/TMR2_Program.o (__mulsi3)
c:/users/mstfy/downloads/programs/avr_eclipse/tools/03_mt_ sdk/imt_sdk_win_64/winavr/bin/../lib/gcc/avr/4.3.3/avr5\libgcc.a(_udivmodsi4.o)
                              ./MCAL/TIMER2/TMR2_Program.o (__udivmodsi4)
c:/users/mstfy/downloads/programs/avr_eclipse/tools/03_mt_ sdk/imt_sdk_win_64/winavr/bin/../lib/gcc/avr/4.3.3/avr5\libgcc.a(_exit.o)
                              c:/users/mstfy/downloads/programs/avr_eclipse/tools/03_mt_ sdk/imt_sdk_win_64/winavr/bin/../lib/gcc/avr/4.3.3/../../../../avr/lib/avr5/crtm32.o (exit)
c:/users/mstfy/downloads/programs/avr_eclipse/tools/03_mt_ sdk/imt_sdk_win_64/winavr/bin/../lib/gcc/avr/4.3.3/avr5\libgcc.a(_copy_data.o)
                              ./HAL/KEYPAD/KPD_Prgogram.o (__do_copy_data)
c:/users/mstfy/downloads/programs/avr_eclipse/tools/03_mt_ sdk/imt_sdk_win_64/winavr/bin/../lib/gcc/avr/4.3.3/avr5\libgcc.a(_clear_bss.o)
                              ./MCAL/EXT_INT/EXTINT_Program.o (__do_clear_bss)
c:/users/mstfy/downloads/programs/avr_eclipse/tools/03_mt_ sdk/imt_sdk_win_64/winavr/bin/../lib/gcc/avr/4.3.3/avr5\libgcc.a(_fixunssfsi.o)
                              ./HAL/LCD/LCD_Program.o (__fixunssfsi)
c:/users/mstfy/downloads/programs/avr_eclipse/tools/03_mt_ sdk/imt_sdk_win_64/winavr/bin/../lib/gcc/avr/4.3.3/avr5\libgcc.a(_addsub_sf.o)
                              c:/users/mstfy/downloads/programs/avr_eclipse/tools/03_mt_ sdk/imt_sdk_win_64/winavr/bin/../lib/gcc/avr/4.3.3/avr5\libgcc.a(_fixunssfsi.o) (__subsf3)
c:/users/mstfy/downloads/programs/avr_eclipse/tools/03_mt_ sdk/imt_sdk_win_64/winavr/bin/../lib/gcc/avr/4.3.3/avr5\libgcc.a(_mul_sf.o)
                              ./HAL/LCD/LCD_Program.o (__mulsf3)
c:/users/mstfy/downloads/programs/avr_eclipse/tools/03_mt_ sdk/imt_sdk_win_64/winavr/bin/../lib/gcc/avr/4.3.3/avr5\libgcc.a(_gt_sf.o)
                              ./HAL/LCD/LCD_Program.o (__gtsf2)
c:/users/mstfy/downloads/programs/avr_eclipse/tools/03_mt_ sdk/imt_sdk_win_64/winavr/bin/../lib/gcc/avr/4.3.3/avr5\libgcc.a(_ge_sf.o)
                              c:/users/mstfy/downloads/programs/avr_eclipse/tools/03_mt_ sdk/imt_sdk_win_64/winavr/bin/../lib/gcc/avr/4.3.3/avr5\libgcc.a(_fixunssfsi.o) (__gesf2)
c:/users/mstfy/downloads/programs/avr_eclipse/tools/03_mt_ sdk/imt_sdk_win_64/winavr/bin/../lib/gcc/avr/4.3.3/avr5\libgcc.a(_lt_sf.o)
                              ./HAL/LCD/LCD_Program.o (__ltsf2)
c:/users/mstfy/downloads/programs/avr_eclipse/tools/03_mt_ sdk/imt_sdk_win_64/winavr/bin/../lib/gcc/avr/4.3.3/avr5\libgcc.a(_sf_to_si.o)
                              c:/users/mstfy/downloads/programs/avr_eclipse/tools/03_mt_ sdk/imt_sdk_win_64/winavr/bin/../lib/gcc/avr/4.3.3/avr5\libgcc.a(_fixunssfsi.o) (__fixsfsi)
c:/users/mstfy/downloads/programs/avr_eclipse/tools/03_mt_ sdk/imt_sdk_win_64/winavr/bin/../lib/gcc/avr/4.3.3/avr5\libgcc.a(_thenan_sf.o)
                              c:/users/mstfy/downloads/programs/avr_eclipse/tools/03_mt_ sdk/imt_sdk_win_64/winavr/bin/../lib/gcc/avr/4.3.3/avr5\libgcc.a(_addsub_sf.o) (__thenan_sf)
c:/users/mstfy/downloads/programs/avr_eclipse/tools/03_mt_ sdk/imt_sdk_win_64/winavr/bin/../lib/gcc/avr/4.3.3/avr5\libgcc.a(_prologue.o)
                              c:/users/mstfy/downloads/programs/avr_eclipse/tools/03_mt_ sdk/imt_sdk_win_64/winavr/bin/../lib/gcc/avr/4.3.3/avr5\libgcc.a(_addsub_sf.o) (__prologue_saves__)
c:/users/mstfy/downloads/programs/avr_eclipse/tools/03_mt_ sdk/imt_sdk_win_64/winavr/bin/../lib/gcc/avr/4.3.3/avr5\libgcc.a(_epilogue.o)
                              c:/users/mstfy/downloads/programs/avr_eclipse/tools/03_mt_ sdk/imt_sdk_win_64/winavr/bin/../lib/gcc/avr/4.3.3/avr5\libgcc.a(_addsub_sf.o) (__epilogue_restores__)
c:/users/mstfy/downloads/programs/avr_eclipse/tools/03_mt_ sdk/imt_sdk_win_64/winavr/bin/../lib/gcc/avr/4.3.3/avr5\libgcc.a(_pack_sf.o)
                              c:/users/mstfy/downloads/programs/avr_eclipse/tools/03_mt_ sdk/imt_sdk_win_64/winavr/bin/../lib/gcc/avr/4.3.3/avr5\libgcc.a(_addsub_sf.o) (__pack_f)
c:/users/mstfy/downloads/programs/avr_eclipse/tools/03_mt_ sdk/imt_sdk_win_64/winavr/bin/../lib/gcc/avr/4.3.3/avr5\libgcc.a(_unpack_sf.o)
                              c:/users/mstfy/downloads/programs/avr_eclipse/tools/03_mt_ sdk/imt_sdk_win_64/winavr/bin/../lib/gcc/avr/4.3.3/avr5\libgcc.a(_addsub_sf.o) (__unpack_f)
c:/users/mstfy/downloads/programs/avr_eclipse/tools/03_mt_ sdk/imt_sdk_win_64/winavr/bin/../lib/gcc/avr/4.3.3/avr5\libgcc.a(_fpcmp_parts_sf.o)
                              c:/users/mstfy/downloads/programs/avr_eclipse/tools/03_mt_ sdk/imt_sdk_win_64/winavr/bin/../lib/gcc/avr/4.3.3/avr5\libgcc.a(_gt_sf.o) (__fpcmp_parts_f)

Memory Configuration

Name             Origin             Length             Attributes
text             0x00000000         0x00020000         xr
data             0x00800060         0x0000ffa0         rw !x
eeprom           0x00810000         0x00010000         rw !x
fuse             0x00820000         0x00000400         rw !x
lock             0x00830000         0x00000400         rw !x
signature        0x00840000         0x00000400         rw !x
*default*        0x00000000         0xffffffff

Linker script and memory map

LOAD c:/users/mstfy/downloads/programs/avr_eclipse/tools/03_mt_ sdk/imt_sdk_win_64/winavr/bin/../lib/gcc/avr/4.3.3/../../../../avr/lib/avr5/crtm32.o
LOAD ./MCAL/UART/UART_Prog.o
LOAD ./MCAL/TIMER2/TMR2_Program.o
LOAD ./MCAL/TIMER1/TIMER1_prog.o
LOAD ./MCAL/TIMER0/TMR0_Program.o
LOAD ./MCAL/SPI/SPI_Program.o
LOAD ./MCAL/I2C/TWI_prog.o
LOAD ./MCAL/GIE/GIE_Program.o
LOAD ./MCAL/EXT_INT/EXTINT_Program.o
LOAD ./MCAL/DIO/DIO_Program.o
LOAD ./MCAL/ADC/ADC_Program.o
LOAD ./HAL/LCD/LCD_Program.o
LOAD ./HAL/KEYPAD/KPD_Prgogram.o
LOAD ./HAL/EEPROM/EXT_EEPROM_prog.o
LOAD ./APP/main.o
LOAD c:/users/mstfy/downloads/programs/avr_eclipse/tools/03_mt_ sdk/imt_sdk_win_64/winavr/bin/../lib/gcc/avr/4.3.3/avr5\libgcc.a
LOAD c:/users/mstfy/downloads/programs/avr_eclipse/tools/03_mt_ sdk/imt_sdk_win_64/winavr/bin/../lib/gcc/avr/4.3.3/../../../../avr/lib/avr5\libc.a
LOAD c:/users/mstfy/downloads/programs/avr_eclipse/tools/03_mt_ sdk/imt_sdk_win_64/winavr/bin/../lib/gcc/avr/4.3.3/avr5\libgcc.a

.hash
 *(.hash)

.dynsym
 *(.dynsym)

.dynstr
 *(.dynstr)

.gnu.version
 *(.gnu.version)

.gnu.version_d
 *(.gnu.version_d)

.gnu.version_r
 *(.gnu.version_r)

.rel.init
 *(.rel.init)

.rela.init
 *(.rela.init)

.rel.text
 *(.rel.text)
 *(.rel.text.*)
 *(.rel.gnu.linkonce.t*)

.rela.text
 *(.rela.text)
 *(.rela.text.*)
 *(.rela.gnu.linkonce.t*)

.rel.fini
 *(.rel.fini)

.rela.fini
 *(.rela.fini)

.rel.rodata
 *(.rel.rodata)
 *(.rel.rodata.*)
 *(.rel.gnu.linkonce.r*)

.rela.rodata
 *(.rela.rodata)
 *(.rela.rodata.*)
 *(.rela.gnu.linkonce.r*)

.rel.data
 *(.rel.data)
 *(.rel.data.*)
 *(.rel.gnu.linkonce.d*)

.rela.data
 *(.rela.data)
 *(.rela.data.*)
 *(.rela.gnu.linkonce.d*)

.rel.ctors
 *(.rel.ctors)

.rela.ctors
 *(.rela.ctors)

.rel.dtors
 *(.rel.dtors)

.rela.dtors
 *(.rela.dtors)

.rel.got
 *(.rel.got)

.rela.got
 *(.rela.got)

.rel.bss
 *(.rel.bss)

.rela.bss
 *(.rela.bss)

.rel.plt
 *(.rel.plt)

.rela.plt
 *(.rela.plt)

.text           0x00000000     0x30ae
 *(.vectors)
 .vectors       0x00000000       0x54 c:/users/mstfy/downloads/programs/avr_eclipse/tools/03_mt_ sdk/imt_sdk_win_64/winavr/bin/../lib/gcc/avr/4.3.3/../../../../avr/lib/avr5/crtm32.o
                0x00000000                __vectors
                0x00000000                __vector_default
 *(.vectors)
 *(.progmem.gcc*)
 *(.progmem*)
                0x00000054                . = ALIGN (0x2)
                0x00000054                __trampolines_start = .
 *(.trampolines)
 .trampolines   0x00000054        0x0 linker stubs
 *(.trampolines*)
                0x00000054                __trampolines_end = .
 *(.jumptables)
 *(.jumptables*)
 *(.lowtext)
 *(.lowtext*)
                0x00000054                __ctors_start = .
 *(.ctors)
                0x00000054                __ctors_end = .
                0x00000054                __dtors_start = .
 *(.dtors)
                0x00000054                __dtors_end = .
 SORT(*)(.ctors)
 SORT(*)(.dtors)
 *(.init0)
 .init0         0x00000054        0x0 c:/users/mstfy/downloads/programs/avr_eclipse/tools/03_mt_ sdk/imt_sdk_win_64/winavr/bin/../lib/gcc/avr/4.3.3/../../../../avr/lib/avr5/crtm32.o
                0x00000054                __init
 *(.init0)
 *(.init1)
 *(.init1)
 *(.init2)
 .init2         0x00000054        0xc c:/users/mstfy/downloads/programs/avr_eclipse/tools/03_mt_ sdk/imt_sdk_win_64/winavr/bin/../lib/gcc/avr/4.3.3/../../../../avr/lib/avr5/crtm32.o
 *(.init2)
 *(.init3)
 *(.init3)
 *(.init4)
 .init4         0x00000060       0x16 c:/users/mstfy/downloads/programs/avr_eclipse/tools/03_mt_ sdk/imt_sdk_win_64/winavr/bin/../lib/gcc/avr/4.3.3/avr5\libgcc.a(_copy_data.o)
                0x00000060                __do_copy_data
 .init4         0x00000076       0x10 c:/users/mstfy/downloads/programs/avr_eclipse/tools/03_mt_ sdk/imt_sdk_win_64/winavr/bin/../lib/gcc/avr/4.3.3/avr5\libgcc.a(_clear_bss.o)
                0x00000076                __do_clear_bss
 *(.init4)
 *(.init5)
 *(.init5)
 *(.init6)
 *(.init6)
 *(.init7)
 *(.init7)
 *(.init8)
 *(.init8)
 *(.init9)
 .init9         0x00000086        0x8 c:/users/mstfy/downloads/programs/avr_eclipse/tools/03_mt_ sdk/imt_sdk_win_64/winavr/bin/../lib/gcc/avr/4.3.3/../../../../avr/lib/avr5/crtm32.o
 *(.init9)
 *(.text)
 .text          0x0000008e        0x4 c:/users/mstfy/downloads/programs/avr_eclipse/tools/03_mt_ sdk/imt_sdk_win_64/winavr/bin/../lib/gcc/avr/4.3.3/../../../../avr/lib/avr5/crtm32.o
                0x0000008e                __vector_12
                0x0000008e                __bad_interrupt
                0x0000008e                __vector_6
                0x0000008e                __vector_11
                0x0000008e                __vector_13
                0x0000008e                __vector_17
                0x0000008e                __vector_19
                0x0000008e                __vector_7
                0x0000008e                __vector_5
                0x0000008e                __vector_4
                0x0000008e                __vector_9
                0x0000008e                __vector_15
                0x0000008e                __vector_8
                0x0000008e                __vector_14
                0x0000008e                __vector_10
                0x0000008e                __vector_18
                0x0000008e                __vector_20
 .text          0x00000092        0x0 ./MCAL/UART/UART_Prog.o
 .text          0x00000092        0x0 ./MCAL/TIMER2/TMR2_Program.o
 .text          0x00000092        0x0 ./MCAL/TIMER1/TIMER1_prog.o
 .text          0x00000092        0x0 ./MCAL/TIMER0/TMR0_Program.o
 .text          0x00000092        0x0 ./MCAL/SPI/SPI_Program.o
 .text          0x00000092        0x0 ./MCAL/I2C/TWI_prog.o
 .text          0x00000092        0x0 ./MCAL/GIE/GIE_Program.o
 .text          0x00000092        0x0 ./MCAL/EXT_INT/EXTINT_Program.o
 .text          0x00000092        0x0 ./MCAL/DIO/DIO_Program.o
 .text          0x00000092        0x0 ./MCAL/ADC/ADC_Program.o
 .text          0x00000092        0x0 ./HAL/LCD/LCD_Program.o
 .text          0x00000092        0x0 ./HAL/KEYPAD/KPD_Prgogram.o
 .text          0x00000092        0x0 ./HAL/EEPROM/EXT_EEPROM_prog.o
 .text          0x00000092        0x0 ./APP/main.o
 .text          0x00000092        0x0 c:/users/mstfy/downloads/programs/avr_eclipse/tools/03_mt_ sdk/imt_sdk_win_64/winavr/bin/../lib/gcc/avr/4.3.3/avr5\libgcc.a(_mulsi3.o)
 .text          0x00000092        0x0 c:/users/mstfy/downloads/programs/avr_eclipse/tools/03_mt_ sdk/imt_sdk_win_64/winavr/bin/../lib/gcc/avr/4.3.3/avr5\libgcc.a(_udivmodsi4.o)
 .text          0x00000092        0x0 c:/users/mstfy/downloads/programs/avr_eclipse/tools/03_mt_ sdk/imt_sdk_win_64/winavr/bin/../lib/gcc/avr/4.3.3/avr5\libgcc.a(_exit.o)
 .text          0x00000092        0x0 c:/users/mstfy/downloads/programs/avr_eclipse/tools/03_mt_ sdk/imt_sdk_win_64/winavr/bin/../lib/gcc/avr/4.3.3/avr5\libgcc.a(_copy_data.o)
 .text          0x00000092        0x0 c:/users/mstfy/downloads/programs/avr_eclipse/tools/03_mt_ sdk/imt_sdk_win_64/winavr/bin/../lib/gcc/avr/4.3.3/avr5\libgcc.a(_clear_bss.o)
 .text          0x00000092       0x58 c:/users/mstfy/downloads/programs/avr_eclipse/tools/03_mt_ sdk/imt_sdk_win_64/winavr/bin/../lib/gcc/avr/4.3.3/avr5\libgcc.a(_fixunssfsi.o)
                0x00000092                __fixunssfsi
 .text          0x000000ea      0x354 c:/users/mstfy/downloads/programs/avr_eclipse/tools/03_mt_ sdk/imt_sdk_win_64/winavr/bin/../lib/gcc/avr/4.3.3/avr5\libgcc.a(_addsub_sf.o)
                0x00000382                __subsf3
                0x000003e4                __addsf3
 .text          0x0000043e      0x1f4 c:/users/mstfy/downloads/programs/avr_eclipse/tools/03_mt_ sdk/imt_sdk_win_64/winavr/bin/../lib/gcc/avr/4.3.3/avr5\libgcc.a(_mul_sf.o)
                0x0000043e                __mulsf3
 .text          0x00000632       0x60 c:/users/mstfy/downloads/programs/avr_eclipse/tools/03_mt_ sdk/imt_sdk_win_64/winavr/bin/../lib/gcc/avr/4.3.3/avr5\libgcc.a(_gt_sf.o)
                0x00000632                __gtsf2
 .text          0x00000692       0x60 c:/users/mstfy/downloads/programs/avr_eclipse/tools/03_mt_ sdk/imt_sdk_win_64/winavr/bin/../lib/gcc/avr/4.3.3/avr5\libgcc.a(_ge_sf.o)
                0x00000692                __gesf2
 .text          0x000006f2       0x60 c:/users/mstfy/downloads/programs/avr_eclipse/tools/03_mt_ sdk/imt_sdk_win_64/winavr/bin/../lib/gcc/avr/4.3.3/avr5\libgcc.a(_lt_sf.o)
                0x000006f2                __ltsf2
 .text          0x00000752       0xa8 c:/users/mstfy/downloads/programs/avr_eclipse/tools/03_mt_ sdk/imt_sdk_win_64/winavr/bin/../lib/gcc/avr/4.3.3/avr5\libgcc.a(_sf_to_si.o)
                0x00000752                __fixsfsi
 .text          0x000007fa        0x0 c:/users/mstfy/downloads/programs/avr_eclipse/tools/03_mt_ sdk/imt_sdk_win_64/winavr/bin/../lib/gcc/avr/4.3.3/avr5\libgcc.a(_thenan_sf.o)
 .text          0x000007fa        0x0 c:/users/mstfy/downloads/programs/avr_eclipse/tools/03_mt_ sdk/imt_sdk_win_64/winavr/bin/../lib/gcc/avr/4.3.3/avr5\libgcc.a(_prologue.o)
 .text          0x000007fa        0x0 c:/users/mstfy/downloads/programs/avr_eclipse/tools/03_mt_ sdk/imt_sdk_win_64/winavr/bin/../lib/gcc/avr/4.3.3/avr5\libgcc.a(_epilogue.o)
 .text          0x000007fa      0x1aa c:/users/mstfy/downloads/programs/avr_eclipse/tools/03_mt_ sdk/imt_sdk_win_64/winavr/bin/../lib/gcc/avr/4.3.3/avr5\libgcc.a(_pack_sf.o)
                0x000007fa                __pack_f
 .text          0x000009a4       0xf0 c:/users/mstfy/downloads/programs/avr_eclipse/tools/03_mt_ sdk/imt_sdk_win_64/winavr/bin/../lib/gcc/avr/4.3.3/avr5\libgcc.a(_unpack_sf.o)
                0x000009a4                __unpack_f
 .text          0x00000a94       0xb2 c:/users/mstfy/downloads/programs/avr_eclipse/tools/03_mt_ sdk/imt_sdk_win_64/winavr/bin/../lib/gcc/avr/4.3.3/avr5\libgcc.a(_fpcmp_parts_sf.o)
                0x00000a94                __fpcmp_parts_f
                0x00000b46                . = ALIGN (0x2)
 *(.text.*)
 .text.UART_VoidInit
                0x00000b46       0x6c ./MCAL/UART/UART_Prog.o
                0x00000b46                UART_VoidInit
 .text.UART_VoidSendChar
                0x00000bb2       0x90 ./MCAL/UART/UART_Prog.o
                0x00000bb2                UART_VoidSendChar
 .text.UART_VoidSendString
                0x00000c42       0x52 ./MCAL/UART/UART_Prog.o
                0x00000c42                UART_VoidSendString
 .text.UART_VoidReceiveString
                0x00000c94       0x7a ./MCAL/UART/UART_Prog.o
                0x00000c94                UART_VoidReceiveString
 .text.UART_U8ReceiveChar
                0x00000d0e       0x3e ./MCAL/UART/UART_Prog.o
                0x00000d0e                UART_U8ReceiveChar
 .text.TIMER2_VoidInit
                0x00000d4c       0x2e ./MCAL/TIMER2/TMR2_Program.o
                0x00000d4c                TIMER2_VoidInit
 .text.TIMER2_VoidStop
                0x00000d7a       0x18 ./MCAL/TIMER2/TMR2_Program.o
                0x00000d7a                TIMER2_VoidStop
 .text.TIMER2_VoidStart
                0x00000d92       0x1a ./MCAL/TIMER2/TMR2_Program.o
                0x00000d92                TIMER2_VoidStart
 .text.TIMER2_VoidSetPreload
                0x00000dac       0x1c ./MCAL/TIMER2/TMR2_Program.o
                0x00000dac                TIMER2_VoidSetPreload
 .text.TIMER2_VoidVal
                0x00000dc8       0x14 ./MCAL/TIMER2/TMR2_Program.o
                0x00000dc8                TIMER2_VoidVal
 .text.TIMER2_VoidSetPWMCompareMatch
                0x00000ddc       0x56 ./MCAL/TIMER2/TMR2_Program.o
                0x00000ddc                TIMER2_VoidSetPWMCompareMatch
 .text.M_TIMER1_voidPwm1Init
                0x00000e32       0x6c ./MCAL/TIMER1/TIMER1_prog.o
                0x00000e32                M_TIMER1_voidPwm1Init
 .text.M_TIMER1_voidPwm1SetTop
                0x00000e9e       0x1a ./MCAL/TIMER1/TIMER1_prog.o
                0x00000e9e                M_TIMER1_voidPwm1SetTop
 .text.M_TIMER1_voidPwm1SetDutyCycle
                0x00000eb8       0x24 ./MCAL/TIMER1/TIMER1_prog.o
                0x00000eb8                M_TIMER1_voidPwm1SetDutyCycle
 .text.M_TIMER1_voidPwm1Start
                0x00000edc       0x38 ./MCAL/TIMER1/TIMER1_prog.o
                0x00000edc                M_TIMER1_voidPwm1Start
 .text.M_TIMER1_voidPwm1Stop
                0x00000f14       0x38 ./MCAL/TIMER1/TIMER1_prog.o
                0x00000f14                M_TIMER1_voidPwm1Stop
 .text.TIMER0_VoidInit
                0x00000f4c       0x38 ./MCAL/TIMER0/TMR0_Program.o
                0x00000f4c                TIMER0_VoidInit
 .text.TIMER0_VoidStop
                0x00000f84       0x18 ./MCAL/TIMER0/TMR0_Program.o
                0x00000f84                TIMER0_VoidStop
 .text.TIMER0_VoidStart
                0x00000f9c       0x1a ./MCAL/TIMER0/TMR0_Program.o
                0x00000f9c                TIMER0_VoidStart
 .text.TIMER0_VoidSetPreload
                0x00000fb6       0x1c ./MCAL/TIMER0/TMR0_Program.o
                0x00000fb6                TIMER0_VoidSetPreload
 .text.TIMER0_VoidVal
                0x00000fd2       0x14 ./MCAL/TIMER0/TMR0_Program.o
                0x00000fd2                TIMER0_VoidVal
 .text.TIMER0_VoidSetPWMCompareMatch
                0x00000fe6       0x56 ./MCAL/TIMER0/TMR0_Program.o
                0x00000fe6                TIMER0_VoidSetPWMCompareMatch
 .text.WDT_VoidEnabel
                0x0000103c       0x18 ./MCAL/TIMER0/TMR0_Program.o
                0x0000103c                WDT_VoidEnabel
 .text.WDT_VoidDisEnabel
                0x00001054       0x20 ./MCAL/TIMER0/TMR0_Program.o
                0x00001054                WDT_VoidDisEnabel
 .text.WDT_VoidSleep
                0x00001074       0x28 ./MCAL/TIMER0/TMR0_Program.o
                0x00001074                WDT_VoidSleep
 .text.SPI_voidInit
                0x0000109c       0x60 ./MCAL/SPI/SPI_Program.o
                0x0000109c                SPI_voidInit
 .text.SPI_voidTransiver
                0x000010fc       0x3a ./MCAL/SPI/SPI_Program.o
                0x000010fc                SPI_voidTransiver
 .text.SPI_voidReceiveChar
                0x00001136       0x2e ./MCAL/SPI/SPI_Program.o
                0x00001136                SPI_voidReceiveChar
 .text.SPI_VoidSendChar
                0x00001164       0x1c ./MCAL/SPI/SPI_Program.o
                0x00001164                SPI_VoidSendChar
 .text.M_TWI_void_Init
                0x00001180       0x24 ./MCAL/I2C/TWI_prog.o
                0x00001180                M_TWI_void_Init
 .text.M_TWI_u8_StartCondition
                0x000011a4       0x56 ./MCAL/I2C/TWI_prog.o
                0x000011a4                M_TWI_u8_StartCondition
 .text.M_TWI_void_StopCondition
                0x000011fa       0x2a ./MCAL/I2C/TWI_prog.o
                0x000011fa                M_TWI_void_StopCondition
 .text.M_TWI_u8_RepeatedStart
                0x00001224       0x56 ./MCAL/I2C/TWI_prog.o
                0x00001224                M_TWI_u8_RepeatedStart
 .text.M_TWI_u8_SendSlaveAddressWrite
                0x0000127a       0x72 ./MCAL/I2C/TWI_prog.o
                0x0000127a                M_TWI_u8_SendSlaveAddressWrite
 .text.M_TWI_u8_SendSlaveAddressRead
                0x000012ec       0x6c ./MCAL/I2C/TWI_prog.o
                0x000012ec                M_TWI_u8_SendSlaveAddressRead
 .text.M_TWI_u8_SendByte
                0x00001358       0x54 ./MCAL/I2C/TWI_prog.o
                0x00001358                M_TWI_u8_SendByte
 .text.M_TWI_u8_ReadByte
                0x000013ac       0x46 ./MCAL/I2C/TWI_prog.o
                0x000013ac                M_TWI_u8_ReadByte
 .text.GIE_Enable
                0x000013f2       0x1c ./MCAL/GIE/GIE_Program.o
                0x000013f2                GIE_Enable
 .text.GIE_Disable
                0x0000140e       0x1c ./MCAL/GIE/GIE_Program.o
                0x0000140e                GIE_Disable
 .text.EXTINT_voidInit
                0x0000142a      0x16a ./MCAL/EXT_INT/EXTINT_Program.o
                0x0000142a                EXTINT_voidInit
 .text.EXTINT_voidSetCallBack
                0x00001594       0x7a ./MCAL/EXT_INT/EXTINT_Program.o
                0x00001594                EXTINT_voidSetCallBack
 .text.__vector_1
                0x0000160e       0x66 ./MCAL/EXT_INT/EXTINT_Program.o
                0x0000160e                __vector_1
 .text.__vector_2
                0x00001674       0x66 ./MCAL/EXT_INT/EXTINT_Program.o
                0x00001674                __vector_2
 .text.__vector_3
                0x000016da       0x66 ./MCAL/EXT_INT/EXTINT_Program.o
                0x000016da                __vector_3
 .text.DIO_voidSetPortDirection
                0x00001740       0x82 ./MCAL/DIO/DIO_Program.o
                0x00001740                DIO_voidSetPortDirection
 .text.DIO_voidSetPortValue
                0x000017c2       0x82 ./MCAL/DIO/DIO_Program.o
                0x000017c2                DIO_voidSetPortValue
 .text.DIO_voidSetPinDirection
                0x00001844      0x208 ./MCAL/DIO/DIO_Program.o
                0x00001844                DIO_voidSetPinDirection
 .text.DIO_voidSetPinValue
                0x00001a4c      0x208 ./MCAL/DIO/DIO_Program.o
                0x00001a4c                DIO_voidSetPinValue
 .text.DIO_u8GetBitValue
                0x00001c54       0xfa ./MCAL/DIO/DIO_Program.o
                0x00001c54                DIO_u8GetBitValue
 .text.DIO_voidToggelPin
                0x00001d4e      0x102 ./MCAL/DIO/DIO_Program.o
                0x00001d4e                DIO_voidToggelPin
 .text.ADC_voidSetCallBack
                0x00001e50       0x5c ./MCAL/ADC/ADC_Program.o
                0x00001e50                ADC_voidSetCallBack
 .text.__vector_16
                0x00001eac       0x88 ./MCAL/ADC/ADC_Program.o
                0x00001eac                __vector_16
 .text.ADC_voidInit
                0x00001f34       0x44 ./MCAL/ADC/ADC_Program.o
                0x00001f34                ADC_voidInit
 .text.ADC_voidChannelSellect
                0x00001f78       0x3c ./MCAL/ADC/ADC_Program.o
                0x00001f78                ADC_voidChannelSellect
 .text.ADC_StartConversionBoling
                0x00001fb4       0xb6 ./MCAL/ADC/ADC_Program.o
                0x00001fb4                ADC_StartConversionBoling
 .text.ADC_StartConversion
                0x0000206a       0x18 ./MCAL/ADC/ADC_Program.o
                0x0000206a                ADC_StartConversion
 .text.ADC_voidChannelMulBoling
                0x00002082       0x62 ./MCAL/ADC/ADC_Program.o
                0x00002082                ADC_voidChannelMulBoling
 .text.ADC_Mapping
                0x000020e4       0xc2 ./MCAL/ADC/ADC_Program.o
                0x000020e4                ADC_Mapping
 .text.LCD_voidInit
                0x000021a6      0x164 ./HAL/LCD/LCD_Program.o
                0x000021a6                LCD_voidInit
 .text.LCD_voidWriteBitsToSend
                0x0000230a      0x2ba ./HAL/LCD/LCD_Program.o
 .text.LCD_voidWriteData
                0x000025c4       0x24 ./HAL/LCD/LCD_Program.o
                0x000025c4                LCD_voidWriteData
 .text.LCD_voidWriteCommand
                0x000025e8       0x24 ./HAL/LCD/LCD_Program.o
                0x000025e8                LCD_voidWriteCommand
 .text.LCD_voidWriteString
                0x0000260c       0x56 ./HAL/LCD/LCD_Program.o
                0x0000260c                LCD_voidWriteString
 .text.LCD_voidGoToXY
                0x00002662       0x58 ./HAL/LCD/LCD_Program.o
                0x00002662                LCD_voidGoToXY
 .text.LCD_voidClear
                0x000026ba       0x14 ./HAL/LCD/LCD_Program.o
                0x000026ba                LCD_voidClear
 .text.LCD_voidWriteNumber
                0x000026ce       0xde ./HAL/LCD/LCD_Program.o
                0x000026ce                LCD_voidWriteNumber
 .text.LCD_voidWriteSpecialCharToCGRAM
                0x000027ac       0x68 ./HAL/LCD/LCD_Program.o
                0x000027ac                LCD_voidWriteSpecialCharToCGRAM
 .text.LCD_voidDisplaySpecialChar
                0x00002814       0x1a ./HAL/LCD/LCD_Program.o
                0x00002814                LCD_voidDisplaySpecialChar
 .text.KPD_voidInit
                0x0000282e       0xcc ./HAL/KEYPAD/KPD_Prgogram.o
                0x0000282e                KPD_voidInit
 .text.KPD_voidGetPressedKey
                0x000028fa      0x166 ./HAL/KEYPAD/KPD_Prgogram.o
                0x000028fa                KPD_voidGetPressedKey
 .text.H_EXT_EEPROM_void_Init
                0x00002a60       0x12 ./HAL/EEPROM/EXT_EEPROM_prog.o
                0x00002a60                H_EXT_EEPROM_void_Init
 .text.H_EXT_EEPROM_void_Write
                0x00002a72      0x152 ./HAL/EEPROM/EXT_EEPROM_prog.o
                0x00002a72                H_EXT_EEPROM_void_Write
 .text.H_EXT_EEPROM_void_Read
                0x00002bc4       0x9c ./HAL/EEPROM/EXT_EEPROM_prog.o
                0x00002bc4                H_EXT_EEPROM_void_Read
 .text.H_EXT_EEPROM_void_Write_Str
                0x00002c60       0x82 ./HAL/EEPROM/EXT_EEPROM_prog.o
                0x00002c60                H_EXT_EEPROM_void_Write_Str
 .text.H_EXT_EEPROM_void_Read_Str
                0x00002ce2       0x88 ./HAL/EEPROM/EXT_EEPROM_prog.o
                0x00002ce2                H_EXT_EEPROM_void_Read_Str
 .text.main     0x00002d6a      0x250 ./APP/main.o
                0x00002d6a                main
 .text.libgcc   0x00002fba       0x3e c:/users/mstfy/downloads/programs/avr_eclipse/tools/03_mt_ sdk/imt_sdk_win_64/winavr/bin/../lib/gcc/avr/4.3.3/avr5\libgcc.a(_mulsi3.o)
                0x00002fba                __mulsi3
 .text.libgcc   0x00002ff8       0x44 c:/users/mstfy/downloads/programs/avr_eclipse/tools/03_mt_ sdk/imt_sdk_win_64/winavr/bin/../lib/gcc/avr/4.3.3/avr5\libgcc.a(_udivmodsi4.o)
                0x00002ff8                __udivmodsi4
 .text.libgcc   0x0000303c        0x0 c:/users/mstfy/downloads/programs/avr_eclipse/tools/03_mt_ sdk/imt_sdk_win_64/winavr/bin/../lib/gcc/avr/4.3.3/avr5\libgcc.a(_exit.o)
 .text.libgcc   0x0000303c        0x0 c:/users/mstfy/downloads/programs/avr_eclipse/tools/03_mt_ sdk/imt_sdk_win_64/winavr/bin/../lib/gcc/avr/4.3.3/avr5\libgcc.a(_copy_data.o)
 .text.libgcc   0x0000303c        0x0 c:/users/mstfy/downloads/programs/avr_eclipse/tools/03_mt_ sdk/imt_sdk_win_64/winavr/bin/../lib/gcc/avr/4.3.3/avr5\libgcc.a(_clear_bss.o)
 .text.libgcc   0x0000303c       0x38 c:/users/mstfy/downloads/programs/avr_eclipse/tools/03_mt_ sdk/imt_sdk_win_64/winavr/bin/../lib/gcc/avr/4.3.3/avr5\libgcc.a(_prologue.o)
                0x0000303c                __prologue_saves__
 .text.libgcc   0x00003074       0x36 c:/users/mstfy/downloads/programs/avr_eclipse/tools/03_mt_ sdk/imt_sdk_win_64/winavr/bin/../lib/gcc/avr/4.3.3/avr5\libgcc.a(_epilogue.o)
                0x00003074                __epilogue_restores__
                0x000030aa                . = ALIGN (0x2)
 *(.fini9)
 .fini9         0x000030aa        0x0 c:/users/mstfy/downloads/programs/avr_eclipse/tools/03_mt_ sdk/imt_sdk_win_64/winavr/bin/../lib/gcc/avr/4.3.3/avr5\libgcc.a(_exit.o)
                0x000030aa                exit
                0x000030aa                _exit
 *(.fini9)
 *(.fini8)
 *(.fini8)
 *(.fini7)
 *(.fini7)
 *(.fini6)
 *(.fini6)
 *(.fini5)
 *(.fini5)
 *(.fini4)
 *(.fini4)
 *(.fini3)
 *(.fini3)
 *(.fini2)
 *(.fini2)
 *(.fini1)
 *(.fini1)
 *(.fini0)
 .fini0         0x000030aa        0x4 c:/users/mstfy/downloads/programs/avr_eclipse/tools/03_mt_ sdk/imt_sdk_win_64/winavr/bin/../lib/gcc/avr/4.3.3/avr5\libgcc.a(_exit.o)
 *(.fini0)
                0x000030ae                _etext = .

.data           0x00800060       0x34 load address 0x000030ae
                0x00800060                PROVIDE (__data_start, .)
 *(.data)
 .data          0x00800060        0x0 c:/users/mstfy/downloads/programs/avr_eclipse/tools/03_mt_ sdk/imt_sdk_win_64/winavr/bin/../lib/gcc/avr/4.3.3/../../../../avr/lib/avr5/crtm32.o
 .data          0x00800060        0x0 ./MCAL/UART/UART_Prog.o
 .data          0x00800060        0x0 ./MCAL/TIMER2/TMR2_Program.o
 .data          0x00800060        0x0 ./MCAL/TIMER1/TIMER1_prog.o
 .data          0x00800060        0x0 ./MCAL/TIMER0/TMR0_Program.o
 .data          0x00800060        0x0 ./MCAL/SPI/SPI_Program.o
 .data          0x00800060        0x0 ./MCAL/I2C/TWI_prog.o
 .data          0x00800060        0x0 ./MCAL/GIE/GIE_Program.o
 .data          0x00800060        0x0 ./MCAL/EXT_INT/EXTINT_Program.o
 .data          0x00800060        0x0 ./MCAL/DIO/DIO_Program.o
 .data          0x00800060        0x0 ./MCAL/ADC/ADC_Program.o
 .data          0x00800060        0x0 ./HAL/LCD/LCD_Program.o
 .data          0x00800060        0x0 ./HAL/KEYPAD/KPD_Prgogram.o
 .data          0x00800060        0x0 ./HAL/EEPROM/EXT_EEPROM_prog.o
 .data          0x00800060        0xb ./APP/main.o
 .data          0x0080006b        0x0 c:/users/mstfy/downloads/programs/avr_eclipse/tools/03_mt_ sdk/imt_sdk_win_64/winavr/bin/../lib/gcc/avr/4.3.3/avr5\libgcc.a(_mulsi3.o)
 .data          0x0080006b        0x0 c:/users/mstfy/downloads/programs/avr_eclipse/tools/03_mt_ sdk/imt_sdk_win_64/winavr/bin/../lib/gcc/avr/4.3.3/avr5\libgcc.a(_udivmodsi4.o)
 .data          0x0080006b        0x0 c:/users/mstfy/downloads/programs/avr_eclipse/tools/03_mt_ sdk/imt_sdk_win_64/winavr/bin/../lib/gcc/avr/4.3.3/avr5\libgcc.a(_exit.o)
 .data          0x0080006b        0x0 c:/users/mstfy/downloads/programs/avr_eclipse/tools/03_mt_ sdk/imt_sdk_win_64/winavr/bin/../lib/gcc/avr/4.3.3/avr5\libgcc.a(_copy_data.o)
 .data          0x0080006b        0x0 c:/users/mstfy/downloads/programs/avr_eclipse/tools/03_mt_ sdk/imt_sdk_win_64/winavr/bin/../lib/gcc/avr/4.3.3/avr5\libgcc.a(_clear_bss.o)
 .data          0x0080006b        0x0 c:/users/mstfy/downloads/programs/avr_eclipse/tools/03_mt_ sdk/imt_sdk_win_64/winavr/bin/../lib/gcc/avr/4.3.3/avr5\libgcc.a(_fixunssfsi.o)
 .data          0x0080006b        0x0 c:/users/mstfy/downloads/programs/avr_eclipse/tools/03_mt_ sdk/imt_sdk_win_64/winavr/bin/../lib/gcc/avr/4.3.3/avr5\libgcc.a(_addsub_sf.o)
 .data          0x0080006b        0x0 c:/users/mstfy/downloads/programs/avr_eclipse/tools/03_mt_ sdk/imt_sdk_win_64/winavr/bin/../lib/gcc/avr/4.3.3/avr5\libgcc.a(_mul_sf.o)
 .data          0x0080006b        0x0 c:/users/mstfy/downloads/programs/avr_eclipse/tools/03_mt_ sdk/imt_sdk_win_64/winavr/bin/../lib/gcc/avr/4.3.3/avr5\libgcc.a(_gt_sf.o)
 .data          0x0080006b        0x0 c:/users/mstfy/downloads/programs/avr_eclipse/tools/03_mt_ sdk/imt_sdk_win_64/winavr/bin/../lib/gcc/avr/4.3.3/avr5\libgcc.a(_ge_sf.o)
 .data          0x0080006b        0x0 c:/users/mstfy/downloads/programs/avr_eclipse/tools/03_mt_ sdk/imt_sdk_win_64/winavr/bin/../lib/gcc/avr/4.3.3/avr5\libgcc.a(_lt_sf.o)
 .data          0x0080006b        0x0 c:/users/mstfy/downloads/programs/avr_eclipse/tools/03_mt_ sdk/imt_sdk_win_64/winavr/bin/../lib/gcc/avr/4.3.3/avr5\libgcc.a(_sf_to_si.o)
 .data          0x0080006b        0x8 c:/users/mstfy/downloads/programs/avr_eclipse/tools/03_mt_ sdk/imt_sdk_win_64/winavr/bin/../lib/gcc/avr/4.3.3/avr5\libgcc.a(_thenan_sf.o)
                0x0080006b                __thenan_sf
 .data          0x00800073        0x0 c:/users/mstfy/downloads/programs/avr_eclipse/tools/03_mt_ sdk/imt_sdk_win_64/winavr/bin/../lib/gcc/avr/4.3.3/avr5\libgcc.a(_prologue.o)
 .data          0x00800073        0x0 c:/users/mstfy/downloads/programs/avr_eclipse/tools/03_mt_ sdk/imt_sdk_win_64/winavr/bin/../lib/gcc/avr/4.3.3/avr5\libgcc.a(_epilogue.o)
 .data          0x00800073        0x0 c:/users/mstfy/downloads/programs/avr_eclipse/tools/03_mt_ sdk/imt_sdk_win_64/winavr/bin/../lib/gcc/avr/4.3.3/avr5\libgcc.a(_pack_sf.o)
 .data          0x00800073        0x0 c:/users/mstfy/downloads/programs/avr_eclipse/tools/03_mt_ sdk/imt_sdk_win_64/winavr/bin/../lib/gcc/avr/4.3.3/avr5\libgcc.a(_unpack_sf.o)
 .data          0x00800073        0x0 c:/users/mstfy/downloads/programs/avr_eclipse/tools/03_mt_ sdk/imt_sdk_win_64/winavr/bin/../lib/gcc/avr/4.3.3/avr5\libgcc.a(_fpcmp_parts_sf.o)
 *(.data*)
 .data.arr_COL_pins
                0x00800073        0x4 ./HAL/KEYPAD/KPD_Prgogram.o
 .data.arr_COL_port
                0x00800077        0x4 ./HAL/KEYPAD/KPD_Prgogram.o
 .data.arr_ROW_pins
                0x0080007b        0x4 ./HAL/KEYPAD/KPD_Prgogram.o
 .data.arr_ROW_port
                0x0080007f        0x4 ./HAL/KEYPAD/KPD_Prgogram.o
 *(.rodata)
 *(.rodata*)
 .rodata.C.0.1330
                0x00800083       0x10 ./HAL/KEYPAD/KPD_Prgogram.o
 *(.gnu.linkonce.d*)
                0x00800094                . = ALIGN (0x2)
 *fill*         0x00800093        0x1 00
                0x00800094                _edata = .
                0x00800094                PROVIDE (__data_end, .)

.bss            0x00800094        0xa
                0x00800094                PROVIDE (__bss_start, .)
 *(.bss)
 .bss           0x00800094        0x0 c:/users/mstfy/downloads/programs/avr_eclipse/tools/03_mt_ sdk/imt_sdk_win_64/winavr/bin/../lib/gcc/avr/4.3.3/../../../../avr/lib/avr5/crtm32.o
 .bss           0x00800094        0x0 ./MCAL/UART/UART_Prog.o
 .bss           0x00800094        0x0 ./MCAL/TIMER2/TMR2_Program.o
 .bss           0x00800094        0x0 ./MCAL/TIMER1/TIMER1_prog.o
 .bss           0x00800094        0x0 ./MCAL/TIMER0/TMR0_Program.o
 .bss           0x00800094        0x0 ./MCAL/SPI/SPI_Program.o
 .bss           0x00800094        0x0 ./MCAL/I2C/TWI_prog.o
 .bss           0x00800094        0x0 ./MCAL/GIE/GIE_Program.o
 .bss           0x00800094        0x0 ./MCAL/EXT_INT/EXTINT_Program.o
 .bss           0x00800094        0x0 ./MCAL/DIO/DIO_Program.o
 .bss           0x00800094        0x0 ./MCAL/ADC/ADC_Program.o
 .bss           0x00800094        0x0 ./HAL/LCD/LCD_Program.o
 .bss           0x00800094        0x0 ./HAL/KEYPAD/KPD_Prgogram.o
 .bss           0x00800094        0x0 ./HAL/EEPROM/EXT_EEPROM_prog.o
 .bss           0x00800094        0x0 ./APP/main.o
 .bss           0x00800094        0x0 c:/users/mstfy/downloads/programs/avr_eclipse/tools/03_mt_ sdk/imt_sdk_win_64/winavr/bin/../lib/gcc/avr/4.3.3/avr5\libgcc.a(_mulsi3.o)
 .bss           0x00800094        0x0 c:/users/mstfy/downloads/programs/avr_eclipse/tools/03_mt_ sdk/imt_sdk_win_64/winavr/bin/../lib/gcc/avr/4.3.3/avr5\libgcc.a(_udivmodsi4.o)
 .bss           0x00800094        0x0 c:/users/mstfy/downloads/programs/avr_eclipse/tools/03_mt_ sdk/imt_sdk_win_64/winavr/bin/../lib/gcc/avr/4.3.3/avr5\libgcc.a(_exit.o)
 .bss           0x00800094        0x0 c:/users/mstfy/downloads/programs/avr_eclipse/tools/03_mt_ sdk/imt_sdk_win_64/winavr/bin/../lib/gcc/avr/4.3.3/avr5\libgcc.a(_copy_data.o)
 .bss           0x00800094        0x0 c:/users/mstfy/downloads/programs/avr_eclipse/tools/03_mt_ sdk/imt_sdk_win_64/winavr/bin/../lib/gcc/avr/4.3.3/avr5\libgcc.a(_clear_bss.o)
 .bss           0x00800094        0x0 c:/users/mstfy/downloads/programs/avr_eclipse/tools/03_mt_ sdk/imt_sdk_win_64/winavr/bin/../lib/gcc/avr/4.3.3/avr5\libgcc.a(_fixunssfsi.o)
 .bss           0x00800094        0x0 c:/users/mstfy/downloads/programs/avr_eclipse/tools/03_mt_ sdk/imt_sdk_win_64/winavr/bin/../lib/gcc/avr/4.3.3/avr5\libgcc.a(_addsub_sf.o)
 .bss           0x00800094        0x0 c:/users/mstfy/downloads/programs/avr_eclipse/tools/03_mt_ sdk/imt_sdk_win_64/winavr/bin/../lib/gcc/avr/4.3.3/avr5\libgcc.a(_mul_sf.o)
 .bss           0x00800094        0x0 c:/users/mstfy/downloads/programs/avr_eclipse/tools/03_mt_ sdk/imt_sdk_win_64/winavr/bin/../lib/gcc/avr/4.3.3/avr5\libgcc.a(_gt_sf.o)
 .bss           0x00800094        0x0 c:/users/mstfy/downloads/programs/avr_eclipse/tools/03_mt_ sdk/imt_sdk_win_64/winavr/bin/../lib/gcc/avr/4.3.3/avr5\libgcc.a(_ge_sf.o)
 .bss           0x00800094        0x0 c:/users/mstfy/downloads/programs/avr_eclipse/tools/03_mt_ sdk/imt_sdk_win_64/winavr/bin/../lib/gcc/avr/4.3.3/avr5\libgcc.a(_lt_sf.o)
 .bss           0x00800094        0x0 c:/users/mstfy/downloads/programs/avr_eclipse/tools/03_mt_ sdk/imt_sdk_win_64/winavr/bin/../lib/gcc/avr/4.3.3/avr5\libgcc.a(_sf_to_si.o)
 .bss           0x00800094        0x0 c:/users/mstfy/downloads/programs/avr_eclipse/tools/03_mt_ sdk/imt_sdk_win_64/winavr/bin/../lib/gcc/avr/4.3.3/avr5\libgcc.a(_thenan_sf.o)
 .bss           0x00800094        0x0 c:/users/mstfy/downloads/programs/avr_eclipse/tools/03_mt_ sdk/imt_sdk_win_64/winavr/bin/../lib/gcc/avr/4.3.3/avr5\libgcc.a(_prologue.o)
 .bss           0x00800094        0x0 c:/users/mstfy/downloads/programs/avr_eclipse/tools/03_mt_ sdk/imt_sdk_win_64/winavr/bin/../lib/gcc/avr/4.3.3/avr5\libgcc.a(_epilogue.o)
 .bss           0x00800094        0x0 c:/users/mstfy/downloads/programs/avr_eclipse/tools/03_mt_ sdk/imt_sdk_win_64/winavr/bin/../lib/gcc/avr/4.3.3/avr5\libgcc.a(_pack_sf.o)
 .bss           0x00800094        0x0 c:/users/mstfy/downloads/programs/avr_eclipse/tools/03_mt_ sdk/imt_sdk_win_64/winavr/bin/../lib/gcc/avr/4.3.3/avr5\libgcc.a(_unpack_sf.o)
 .bss           0x00800094        0x0 c:/users/mstfy/downloads/programs/avr_eclipse/tools/03_mt_ sdk/imt_sdk_win_64/winavr/bin/../lib/gcc/avr/4.3.3/avr5\libgcc.a(_fpcmp_parts_sf.o)
 *(.bss*)
 .bss.ptr_ArrCallBack
                0x00800094        0x6 ./MCAL/EXT_INT/EXTINT_Program.o
 .bss.ADC_CallBack
                0x0080009a        0x2 ./MCAL/ADC/ADC_Program.o
 .bss.ADC_po16DataResult
                0x0080009c        0x2 ./MCAL/ADC/ADC_Program.o
 *(COMMON)
                0x0080009e                PROVIDE (__bss_end, .)
                0x000030ae                __data_load_start = LOADADDR (.data)
                0x000030e2                __data_load_end = (__data_load_start + SIZEOF (.data))

.noinit         0x0080009e        0x0
                0x0080009e                PROVIDE (__noinit_start, .)
 *(.noinit*)
                0x0080009e                PROVIDE (__noinit_end, .)
                0x0080009e                _end = .
                0x0080009e                PROVIDE (__heap_start, .)

.eeprom         0x00810000        0x0
 *(.eeprom*)
                0x00810000                __eeprom_end = .

.fuse
 *(.fuse)
 *(.lfuse)
 *(.hfuse)
 *(.efuse)

.lock
 *(.lock*)

.signature
 *(.signature*)

.stab           0x00000000     0x4248
 *(.stab)
 .stab          0x00000000      0x54c ./MCAL/UART/UART_Prog.o
 .stab          0x0000054c      0x4b0 ./MCAL/TIMER2/TMR2_Program.o
                                0x4bc (size before relaxing)
 .stab          0x000009fc      0x2dc ./MCAL/TIMER1/TIMER1_prog.o
                                0x2e8 (size before relaxing)
 .stab          0x00000cd8      0x3e4 ./MCAL/TIMER0/TMR0_Program.o
                                0x57c (size before relaxing)
 .stab          0x000010bc      0x2f4 ./MCAL/SPI/SPI_Program.o
                                0x300 (size before relaxing)
 .stab          0x000013b0      0x618 ./MCAL/I2C/TWI_prog.o
                                0x7b0 (size before relaxing)
 .stab          0x000019c8      0x1c8 ./MCAL/GIE/GIE_Program.o
                                0x1d4 (size before relaxing)
 .stab          0x00001b90      0x414 ./MCAL/EXT_INT/EXTINT_Program.o
                                0x420 (size before relaxing)
 .stab          0x00001fa4      0x558 ./MCAL/DIO/DIO_Program.o
                                0x564 (size before relaxing)
 .stab          0x000024fc      0x6d8 ./MCAL/ADC/ADC_Program.o
                                0x6e4 (size before relaxing)
 .stab          0x00002bd4      0x8c4 ./HAL/LCD/LCD_Program.o
                                0xa5c (size before relaxing)
 .stab          0x00003498      0x39c ./HAL/KEYPAD/KPD_Prgogram.o
                                0x534 (size before relaxing)
 .stab          0x00003834      0x558 ./HAL/EEPROM/EXT_EEPROM_prog.o
                                0x6f0 (size before relaxing)
 .stab          0x00003d8c      0x4bc ./APP/main.o
                                0x654 (size before relaxing)

.stabstr        0x00000000     0x296b
 *(.stabstr)
 .stabstr       0x00000000     0x296b ./MCAL/UART/UART_Prog.o

.stab.excl
 *(.stab.excl)

.stab.exclstr
 *(.stab.exclstr)

.stab.index
 *(.stab.index)

.stab.indexstr
 *(.stab.indexstr)

.comment
 *(.comment)

.debug
 *(.debug)

.line
 *(.line)

.debug_srcinfo
 *(.debug_srcinfo)

.debug_sfnames
 *(.debug_sfnames)

.debug_aranges  0x00000000      0x140
 *(.debug_aranges)
 .debug_aranges
                0x00000000       0x20 c:/users/mstfy/downloads/programs/avr_eclipse/tools/03_mt_ sdk/imt_sdk_win_64/winavr/bin/../lib/gcc/avr/4.3.3/avr5\libgcc.a(_fixunssfsi.o)
 .debug_aranges
                0x00000020       0x20 c:/users/mstfy/downloads/programs/avr_eclipse/tools/03_mt_ sdk/imt_sdk_win_64/winavr/bin/../lib/gcc/avr/4.3.3/avr5\libgcc.a(_addsub_sf.o)
 .debug_aranges
                0x00000040       0x20 c:/users/mstfy/downloads/programs/avr_eclipse/tools/03_mt_ sdk/imt_sdk_win_64/winavr/bin/../lib/gcc/avr/4.3.3/avr5\libgcc.a(_mul_sf.o)
 .debug_aranges
                0x00000060       0x20 c:/users/mstfy/downloads/programs/avr_eclipse/tools/03_mt_ sdk/imt_sdk_win_64/winavr/bin/../lib/gcc/avr/4.3.3/avr5\libgcc.a(_gt_sf.o)
 .debug_aranges
                0x00000080       0x20 c:/users/mstfy/downloads/programs/avr_eclipse/tools/03_mt_ sdk/imt_sdk_win_64/winavr/bin/../lib/gcc/avr/4.3.3/avr5\libgcc.a(_ge_sf.o)
 .debug_aranges
                0x000000a0       0x20 c:/users/mstfy/downloads/programs/avr_eclipse/tools/03_mt_ sdk/imt_sdk_win_64/winavr/bin/../lib/gcc/avr/4.3.3/avr5\libgcc.a(_lt_sf.o)
 .debug_aranges
                0x000000c0       0x20 c:/users/mstfy/downloads/programs/avr_eclipse/tools/03_mt_ sdk/imt_sdk_win_64/winavr/bin/../lib/gcc/avr/4.3.3/avr5\libgcc.a(_sf_to_si.o)
 .debug_aranges
                0x000000e0       0x20 c:/users/mstfy/downloads/programs/avr_eclipse/tools/03_mt_ sdk/imt_sdk_win_64/winavr/bin/../lib/gcc/avr/4.3.3/avr5\libgcc.a(_pack_sf.o)
 .debug_aranges
                0x00000100       0x20 c:/users/mstfy/downloads/programs/avr_eclipse/tools/03_mt_ sdk/imt_sdk_win_64/winavr/bin/../lib/gcc/avr/4.3.3/avr5\libgcc.a(_unpack_sf.o)
 .debug_aranges
                0x00000120       0x20 c:/users/mstfy/downloads/programs/avr_eclipse/tools/03_mt_ sdk/imt_sdk_win_64/winavr/bin/../lib/gcc/avr/4.3.3/avr5\libgcc.a(_fpcmp_parts_sf.o)

.debug_pubnames
                0x00000000      0x170
 *(.debug_pubnames)
 .debug_pubnames
                0x00000000       0x23 c:/users/mstfy/downloads/programs/avr_eclipse/tools/03_mt_ sdk/imt_sdk_win_64/winavr/bin/../lib/gcc/avr/4.3.3/avr5\libgcc.a(_fixunssfsi.o)
 .debug_pubnames
                0x00000023       0x2c c:/users/mstfy/downloads/programs/avr_eclipse/tools/03_mt_ sdk/imt_sdk_win_64/winavr/bin/../lib/gcc/avr/4.3.3/avr5\libgcc.a(_addsub_sf.o)
 .debug_pubnames
                0x0000004f       0x1f c:/users/mstfy/downloads/programs/avr_eclipse/tools/03_mt_ sdk/imt_sdk_win_64/winavr/bin/../lib/gcc/avr/4.3.3/avr5\libgcc.a(_mul_sf.o)
 .debug_pubnames
                0x0000006e       0x1e c:/users/mstfy/downloads/programs/avr_eclipse/tools/03_mt_ sdk/imt_sdk_win_64/winavr/bin/../lib/gcc/avr/4.3.3/avr5\libgcc.a(_gt_sf.o)
 .debug_pubnames
                0x0000008c       0x1e c:/users/mstfy/downloads/programs/avr_eclipse/tools/03_mt_ sdk/imt_sdk_win_64/winavr/bin/../lib/gcc/avr/4.3.3/avr5\libgcc.a(_ge_sf.o)
 .debug_pubnames
                0x000000aa       0x1e c:/users/mstfy/downloads/programs/avr_eclipse/tools/03_mt_ sdk/imt_sdk_win_64/winavr/bin/../lib/gcc/avr/4.3.3/avr5\libgcc.a(_lt_sf.o)
 .debug_pubnames
                0x000000c8       0x20 c:/users/mstfy/downloads/programs/avr_eclipse/tools/03_mt_ sdk/imt_sdk_win_64/winavr/bin/../lib/gcc/avr/4.3.3/avr5\libgcc.a(_sf_to_si.o)
 .debug_pubnames
                0x000000e8       0x22 c:/users/mstfy/downloads/programs/avr_eclipse/tools/03_mt_ sdk/imt_sdk_win_64/winavr/bin/../lib/gcc/avr/4.3.3/avr5\libgcc.a(_thenan_sf.o)
 .debug_pubnames
                0x0000010a       0x1f c:/users/mstfy/downloads/programs/avr_eclipse/tools/03_mt_ sdk/imt_sdk_win_64/winavr/bin/../lib/gcc/avr/4.3.3/avr5\libgcc.a(_pack_sf.o)
 .debug_pubnames
                0x00000129       0x21 c:/users/mstfy/downloads/programs/avr_eclipse/tools/03_mt_ sdk/imt_sdk_win_64/winavr/bin/../lib/gcc/avr/4.3.3/avr5\libgcc.a(_unpack_sf.o)
 .debug_pubnames
                0x0000014a       0x26 c:/users/mstfy/downloads/programs/avr_eclipse/tools/03_mt_ sdk/imt_sdk_win_64/winavr/bin/../lib/gcc/avr/4.3.3/avr5\libgcc.a(_fpcmp_parts_sf.o)

.debug_info     0x00000000     0x1c49
 *(.debug_info)
 .debug_info    0x00000000       0xb1 c:/users/mstfy/downloads/programs/avr_eclipse/tools/03_mt_ sdk/imt_sdk_win_64/winavr/bin/../lib/gcc/avr/4.3.3/avr5\libgcc.a(_fixunssfsi.o)
 .debug_info    0x000000b1      0x47a c:/users/mstfy/downloads/programs/avr_eclipse/tools/03_mt_ sdk/imt_sdk_win_64/winavr/bin/../lib/gcc/avr/4.3.3/avr5\libgcc.a(_addsub_sf.o)
 .debug_info    0x0000052b      0x485 c:/users/mstfy/downloads/programs/avr_eclipse/tools/03_mt_ sdk/imt_sdk_win_64/winavr/bin/../lib/gcc/avr/4.3.3/avr5\libgcc.a(_mul_sf.o)
 .debug_info    0x000009b0      0x27f c:/users/mstfy/downloads/programs/avr_eclipse/tools/03_mt_ sdk/imt_sdk_win_64/winavr/bin/../lib/gcc/avr/4.3.3/avr5\libgcc.a(_gt_sf.o)
 .debug_info    0x00000c2f      0x27f c:/users/mstfy/downloads/programs/avr_eclipse/tools/03_mt_ sdk/imt_sdk_win_64/winavr/bin/../lib/gcc/avr/4.3.3/avr5\libgcc.a(_ge_sf.o)
 .debug_info    0x00000eae      0x27f c:/users/mstfy/downloads/programs/avr_eclipse/tools/03_mt_ sdk/imt_sdk_win_64/winavr/bin/../lib/gcc/avr/4.3.3/avr5\libgcc.a(_lt_sf.o)
 .debug_info    0x0000112d      0x2b0 c:/users/mstfy/downloads/programs/avr_eclipse/tools/03_mt_ sdk/imt_sdk_win_64/winavr/bin/../lib/gcc/avr/4.3.3/avr5\libgcc.a(_sf_to_si.o)
 .debug_info    0x000013dd      0x12c c:/users/mstfy/downloads/programs/avr_eclipse/tools/03_mt_ sdk/imt_sdk_win_64/winavr/bin/../lib/gcc/avr/4.3.3/avr5\libgcc.a(_thenan_sf.o)
 .debug_info    0x00001509      0x2df c:/users/mstfy/downloads/programs/avr_eclipse/tools/03_mt_ sdk/imt_sdk_win_64/winavr/bin/../lib/gcc/avr/4.3.3/avr5\libgcc.a(_pack_sf.o)
 .debug_info    0x000017e8      0x251 c:/users/mstfy/downloads/programs/avr_eclipse/tools/03_mt_ sdk/imt_sdk_win_64/winavr/bin/../lib/gcc/avr/4.3.3/avr5\libgcc.a(_unpack_sf.o)
 .debug_info    0x00001a39      0x210 c:/users/mstfy/downloads/programs/avr_eclipse/tools/03_mt_ sdk/imt_sdk_win_64/winavr/bin/../lib/gcc/avr/4.3.3/avr5\libgcc.a(_fpcmp_parts_sf.o)
 *(.gnu.linkonce.wi.*)

.debug_abbrev   0x00000000      0xeeb
 *(.debug_abbrev)
 .debug_abbrev  0x00000000       0x5d c:/users/mstfy/downloads/programs/avr_eclipse/tools/03_mt_ sdk/imt_sdk_win_64/winavr/bin/../lib/gcc/avr/4.3.3/avr5\libgcc.a(_fixunssfsi.o)
 .debug_abbrev  0x0000005d      0x1ea c:/users/mstfy/downloads/programs/avr_eclipse/tools/03_mt_ sdk/imt_sdk_win_64/winavr/bin/../lib/gcc/avr/4.3.3/avr5\libgcc.a(_addsub_sf.o)
 .debug_abbrev  0x00000247      0x21b c:/users/mstfy/downloads/programs/avr_eclipse/tools/03_mt_ sdk/imt_sdk_win_64/winavr/bin/../lib/gcc/avr/4.3.3/avr5\libgcc.a(_mul_sf.o)
 .debug_abbrev  0x00000462      0x15a c:/users/mstfy/downloads/programs/avr_eclipse/tools/03_mt_ sdk/imt_sdk_win_64/winavr/bin/../lib/gcc/avr/4.3.3/avr5\libgcc.a(_gt_sf.o)
 .debug_abbrev  0x000005bc      0x15a c:/users/mstfy/downloads/programs/avr_eclipse/tools/03_mt_ sdk/imt_sdk_win_64/winavr/bin/../lib/gcc/avr/4.3.3/avr5\libgcc.a(_ge_sf.o)
 .debug_abbrev  0x00000716      0x15a c:/users/mstfy/downloads/programs/avr_eclipse/tools/03_mt_ sdk/imt_sdk_win_64/winavr/bin/../lib/gcc/avr/4.3.3/avr5\libgcc.a(_lt_sf.o)
 .debug_abbrev  0x00000870      0x17f c:/users/mstfy/downloads/programs/avr_eclipse/tools/03_mt_ sdk/imt_sdk_win_64/winavr/bin/../lib/gcc/avr/4.3.3/avr5\libgcc.a(_sf_to_si.o)
 .debug_abbrev  0x000009ef       0xad c:/users/mstfy/downloads/programs/avr_eclipse/tools/03_mt_ sdk/imt_sdk_win_64/winavr/bin/../lib/gcc/avr/4.3.3/avr5\libgcc.a(_thenan_sf.o)
 .debug_abbrev  0x00000a9c      0x1c0 c:/users/mstfy/downloads/programs/avr_eclipse/tools/03_mt_ sdk/imt_sdk_win_64/winavr/bin/../lib/gcc/avr/4.3.3/avr5\libgcc.a(_pack_sf.o)
 .debug_abbrev  0x00000c5c      0x154 c:/users/mstfy/downloads/programs/avr_eclipse/tools/03_mt_ sdk/imt_sdk_win_64/winavr/bin/../lib/gcc/avr/4.3.3/avr5\libgcc.a(_unpack_sf.o)
 .debug_abbrev  0x00000db0      0x13b c:/users/mstfy/downloads/programs/avr_eclipse/tools/03_mt_ sdk/imt_sdk_win_64/winavr/bin/../lib/gcc/avr/4.3.3/avr5\libgcc.a(_fpcmp_parts_sf.o)

.debug_line     0x00000000      0xdad
 *(.debug_line)
 .debug_line    0x00000000       0xa7 c:/users/mstfy/downloads/programs/avr_eclipse/tools/03_mt_ sdk/imt_sdk_win_64/winavr/bin/../lib/gcc/avr/4.3.3/avr5\libgcc.a(_fixunssfsi.o)
 .debug_line    0x000000a7      0x2af c:/users/mstfy/downloads/programs/avr_eclipse/tools/03_mt_ sdk/imt_sdk_win_64/winavr/bin/../lib/gcc/avr/4.3.3/avr5\libgcc.a(_addsub_sf.o)
 .debug_line    0x00000356      0x239 c:/users/mstfy/downloads/programs/avr_eclipse/tools/03_mt_ sdk/imt_sdk_win_64/winavr/bin/../lib/gcc/avr/4.3.3/avr5\libgcc.a(_mul_sf.o)
 .debug_line    0x0000058f       0xd3 c:/users/mstfy/downloads/programs/avr_eclipse/tools/03_mt_ sdk/imt_sdk_win_64/winavr/bin/../lib/gcc/avr/4.3.3/avr5\libgcc.a(_gt_sf.o)
 .debug_line    0x00000662       0xd3 c:/users/mstfy/downloads/programs/avr_eclipse/tools/03_mt_ sdk/imt_sdk_win_64/winavr/bin/../lib/gcc/avr/4.3.3/avr5\libgcc.a(_ge_sf.o)
 .debug_line    0x00000735       0xd3 c:/users/mstfy/downloads/programs/avr_eclipse/tools/03_mt_ sdk/imt_sdk_win_64/winavr/bin/../lib/gcc/avr/4.3.3/avr5\libgcc.a(_lt_sf.o)
 .debug_line    0x00000808      0x109 c:/users/mstfy/downloads/programs/avr_eclipse/tools/03_mt_ sdk/imt_sdk_win_64/winavr/bin/../lib/gcc/avr/4.3.3/avr5\libgcc.a(_sf_to_si.o)
 .debug_line    0x00000911       0x90 c:/users/mstfy/downloads/programs/avr_eclipse/tools/03_mt_ sdk/imt_sdk_win_64/winavr/bin/../lib/gcc/avr/4.3.3/avr5\libgcc.a(_thenan_sf.o)
 .debug_line    0x000009a1      0x18a c:/users/mstfy/downloads/programs/avr_eclipse/tools/03_mt_ sdk/imt_sdk_win_64/winavr/bin/../lib/gcc/avr/4.3.3/avr5\libgcc.a(_pack_sf.o)
 .debug_line    0x00000b2b      0x14b c:/users/mstfy/downloads/programs/avr_eclipse/tools/03_mt_ sdk/imt_sdk_win_64/winavr/bin/../lib/gcc/avr/4.3.3/avr5\libgcc.a(_unpack_sf.o)
 .debug_line    0x00000c76      0x137 c:/users/mstfy/downloads/programs/avr_eclipse/tools/03_mt_ sdk/imt_sdk_win_64/winavr/bin/../lib/gcc/avr/4.3.3/avr5\libgcc.a(_fpcmp_parts_sf.o)

.debug_frame    0x00000000      0x160
 *(.debug_frame)
 .debug_frame   0x00000000       0x20 c:/users/mstfy/downloads/programs/avr_eclipse/tools/03_mt_ sdk/imt_sdk_win_64/winavr/bin/../lib/gcc/avr/4.3.3/avr5\libgcc.a(_fixunssfsi.o)
 .debug_frame   0x00000020       0x40 c:/users/mstfy/downloads/programs/avr_eclipse/tools/03_mt_ sdk/imt_sdk_win_64/winavr/bin/../lib/gcc/avr/4.3.3/avr5\libgcc.a(_addsub_sf.o)
 .debug_frame   0x00000060       0x20 c:/users/mstfy/downloads/programs/avr_eclipse/tools/03_mt_ sdk/imt_sdk_win_64/winavr/bin/../lib/gcc/avr/4.3.3/avr5\libgcc.a(_mul_sf.o)
 .debug_frame   0x00000080       0x20 c:/users/mstfy/downloads/programs/avr_eclipse/tools/03_mt_ sdk/imt_sdk_win_64/winavr/bin/../lib/gcc/avr/4.3.3/avr5\libgcc.a(_gt_sf.o)
 .debug_frame   0x000000a0       0x20 c:/users/mstfy/downloads/programs/avr_eclipse/tools/03_mt_ sdk/imt_sdk_win_64/winavr/bin/../lib/gcc/avr/4.3.3/avr5\libgcc.a(_ge_sf.o)
 .debug_frame   0x000000c0       0x20 c:/users/mstfy/downloads/programs/avr_eclipse/tools/03_mt_ sdk/imt_sdk_win_64/winavr/bin/../lib/gcc/avr/4.3.3/avr5\libgcc.a(_lt_sf.o)
 .debug_frame   0x000000e0       0x20 c:/users/mstfy/downloads/programs/avr_eclipse/tools/03_mt_ sdk/imt_sdk_win_64/winavr/bin/../lib/gcc/avr/4.3.3/avr5\libgcc.a(_sf_to_si.o)
 .debug_frame   0x00000100       0x20 c:/users/mstfy/downloads/programs/avr_eclipse/tools/03_mt_ sdk/imt_sdk_win_64/winavr/bin/../lib/gcc/avr/4.3.3/avr5\libgcc.a(_pack_sf.o)
 .debug_frame   0x00000120       0x20 c:/users/mstfy/downloads/programs/avr_eclipse/tools/03_mt_ sdk/imt_sdk_win_64/winavr/bin/../lib/gcc/avr/4.3.3/avr5\libgcc.a(_unpack_sf.o)
 .debug_frame   0x00000140       0x20 c:/users/mstfy/downloads/programs/avr_eclipse/tools/03_mt_ sdk/imt_sdk_win_64/winavr/bin/../lib/gcc/avr/4.3.3/avr5\libgcc.a(_fpcmp_parts_sf.o)

.debug_str      0x00000000      0x28d
 *(.debug_str)
 .debug_str     0x00000000       0xbf c:/users/mstfy/downloads/programs/avr_eclipse/tools/03_mt_ sdk/imt_sdk_win_64/winavr/bin/../lib/gcc/avr/4.3.3/avr5\libgcc.a(_fixunssfsi.o)
                                 0xfe (size before relaxing)
 .debug_str     0x000000bf      0x14d c:/users/mstfy/downloads/programs/avr_eclipse/tools/03_mt_ sdk/imt_sdk_win_64/winavr/bin/../lib/gcc/avr/4.3.3/avr5\libgcc.a(_addsub_sf.o)
                                0x206 (size before relaxing)
 .debug_str     0x0000020c       0x27 c:/users/mstfy/downloads/programs/avr_eclipse/tools/03_mt_ sdk/imt_sdk_win_64/winavr/bin/../lib/gcc/avr/4.3.3/avr5\libgcc.a(_mul_sf.o)
                                0x1bf (size before relaxing)
 .debug_str     0x00000233        0xf c:/users/mstfy/downloads/programs/avr_eclipse/tools/03_mt_ sdk/imt_sdk_win_64/winavr/bin/../lib/gcc/avr/4.3.3/avr5\libgcc.a(_gt_sf.o)
                                0x195 (size before relaxing)
 .debug_str     0x00000242        0x8 c:/users/mstfy/downloads/programs/avr_eclipse/tools/03_mt_ sdk/imt_sdk_win_64/winavr/bin/../lib/gcc/avr/4.3.3/avr5\libgcc.a(_ge_sf.o)
                                0x195 (size before relaxing)
 .debug_str     0x0000024a        0x8 c:/users/mstfy/downloads/programs/avr_eclipse/tools/03_mt_ sdk/imt_sdk_win_64/winavr/bin/../lib/gcc/avr/4.3.3/avr5\libgcc.a(_lt_sf.o)
                                0x195 (size before relaxing)
 .debug_str     0x00000252        0xa c:/users/mstfy/downloads/programs/avr_eclipse/tools/03_mt_ sdk/imt_sdk_win_64/winavr/bin/../lib/gcc/avr/4.3.3/avr5\libgcc.a(_sf_to_si.o)
                                0x19e (size before relaxing)
 .debug_str     0x00000000      0x103 c:/users/mstfy/downloads/programs/avr_eclipse/tools/03_mt_ sdk/imt_sdk_win_64/winavr/bin/../lib/gcc/avr/4.3.3/avr5\libgcc.a(_thenan_sf.o)
 .debug_str     0x0000025c       0x16 c:/users/mstfy/downloads/programs/avr_eclipse/tools/03_mt_ sdk/imt_sdk_win_64/winavr/bin/../lib/gcc/avr/4.3.3/avr5\libgcc.a(_pack_sf.o)
                                0x19d (size before relaxing)
 .debug_str     0x00000272        0xb c:/users/mstfy/downloads/programs/avr_eclipse/tools/03_mt_ sdk/imt_sdk_win_64/winavr/bin/../lib/gcc/avr/4.3.3/avr5\libgcc.a(_unpack_sf.o)
                                0x17f (size before relaxing)
 .debug_str     0x0000027d       0x10 c:/users/mstfy/downloads/programs/avr_eclipse/tools/03_mt_ sdk/imt_sdk_win_64/winavr/bin/../lib/gcc/avr/4.3.3/avr5\libgcc.a(_fpcmp_parts_sf.o)
                                0x163 (size before relaxing)

.debug_loc      0x00000000      0x7ce
 *(.debug_loc)
 .debug_loc     0x00000000       0x34 c:/users/mstfy/downloads/programs/avr_eclipse/tools/03_mt_ sdk/imt_sdk_win_64/winavr/bin/../lib/gcc/avr/4.3.3/avr5\libgcc.a(_fixunssfsi.o)
 .debug_loc     0x00000034      0x32a c:/users/mstfy/downloads/programs/avr_eclipse/tools/03_mt_ sdk/imt_sdk_win_64/winavr/bin/../lib/gcc/avr/4.3.3/avr5\libgcc.a(_addsub_sf.o)
 .debug_loc     0x0000035e      0x104 c:/users/mstfy/downloads/programs/avr_eclipse/tools/03_mt_ sdk/imt_sdk_win_64/winavr/bin/../lib/gcc/avr/4.3.3/avr5\libgcc.a(_mul_sf.o)
 .debug_loc     0x00000462       0x3c c:/users/mstfy/downloads/programs/avr_eclipse/tools/03_mt_ sdk/imt_sdk_win_64/winavr/bin/../lib/gcc/avr/4.3.3/avr5\libgcc.a(_gt_sf.o)
 .debug_loc     0x0000049e       0x3c c:/users/mstfy/downloads/programs/avr_eclipse/tools/03_mt_ sdk/imt_sdk_win_64/winavr/bin/../lib/gcc/avr/4.3.3/avr5\libgcc.a(_ge_sf.o)
 .debug_loc     0x000004da       0x3c c:/users/mstfy/downloads/programs/avr_eclipse/tools/03_mt_ sdk/imt_sdk_win_64/winavr/bin/../lib/gcc/avr/4.3.3/avr5\libgcc.a(_lt_sf.o)
 .debug_loc     0x00000516       0x7e c:/users/mstfy/downloads/programs/avr_eclipse/tools/03_mt_ sdk/imt_sdk_win_64/winavr/bin/../lib/gcc/avr/4.3.3/avr5\libgcc.a(_sf_to_si.o)
 .debug_loc     0x00000594      0x13e c:/users/mstfy/downloads/programs/avr_eclipse/tools/03_mt_ sdk/imt_sdk_win_64/winavr/bin/../lib/gcc/avr/4.3.3/avr5\libgcc.a(_pack_sf.o)
 .debug_loc     0x000006d2       0xac c:/users/mstfy/downloads/programs/avr_eclipse/tools/03_mt_ sdk/imt_sdk_win_64/winavr/bin/../lib/gcc/avr/4.3.3/avr5\libgcc.a(_unpack_sf.o)
 .debug_loc     0x0000077e       0x50 c:/users/mstfy/downloads/programs/avr_eclipse/tools/03_mt_ sdk/imt_sdk_win_64/winavr/bin/../lib/gcc/avr/4.3.3/avr5\libgcc.a(_fpcmp_parts_sf.o)

.debug_macinfo
 *(.debug_macinfo)
OUTPUT(I2C_2.elf elf32-avr)
LOAD linker stubs

.debug_ranges   0x00000000       0x50
 .debug_ranges  0x00000000       0x50 c:/users/mstfy/downloads/programs/avr_eclipse/tools/03_mt_ sdk/imt_sdk_win_64/winavr/bin/../lib/gcc/avr/4.3.3/avr5\libgcc.a(_mul_sf.o)
